
 line       object           ucode  source program

   1    (38    1  100)                sym  1  100  1
   2    (38    1    1)                sym  1  1  2
   3    (38    1    1)                sym  1  1  3
   4    (38    1    1)                sym  1  1  4
   5    (38    1    1)                sym  1  1  5
   6    (38    1    1)                sym  1  1  6
   7    (38    1    1)     
   8    (37    1     )                bgn  1  100  1
   9    (37    1     )     
  10    (20    1     )                ldc  1
  11    (24    1    4)                str  1  4
  12    (24    1    4)     
  13    (20    0     )                ldc  -1
  14    (29   -1     )                call  read
  15    (24    1    2)                str  1  2
  16    (24    1    2)     
  17    (19    1    2)     loopInput  lod  1  2
  18    (20    0     )                ldc  0
  19    (17          )                eq
  20    (28   36     )                fjp  endInput
  21    (28   36     )     
  22    (19    1    2)                lod  1  2
  23    (21    1    1)                lda  1  1
  24    (19    1    4)                lod  1  4
  25    ( 6          )                add
  26    (24    1    1)                str  1  1
  27    (19    1    4)                lod  1  4
  28    ( 2          )                inc
  29    (24    1    4)                str  1  4
  30    (24    1    4)     
  31    (20    0     )                ldc  -1
  32    (29   -1     )                call  read
  33    (24    1    2)                str  1  2
  34    (26   17     )                ujp  loopInput
  35    (26   17     )     
  36    (19    1    4)     endInput   lod  1  4
  37    ( 3          )                dec
  38    (24    1    3)                str  1  3
  39    (24    1    5)                str  1  5
  40    (24    1    5)     
  41    (19    1    5)     loopOuter  lod  1  5
  42    (20    1     )                ldc  1
  43    (13          )                gt
  44    (28    0     )                fjp  endSort
  45    (28    0     )     
  46    (20    1     )                ldc  1
  47    (24    1    4)                str  1  4
  48    (24    1    4)     
  49    (19    1    4)     loopInner  lod  1  4
  50    (19    1    5)                lod  1  5
  51    (14          )                lt
  52    (28   93     )                fjp  endInner
  53    (28   93     )     
  54    (21    1    1)                lda  1  1
  55    (19    1    4)                lod  1  4
  56    ( 6          )                add
  57    (22          )                ldi
  58    (21    1    1)                lda  1  1
  59    (19    1    4)                lod  1  4
  60    ( 2          )                inc
  61    ( 6          )                add
  62    (22          )                ldi
  63    (13          )                gt
  64    (28   88     )                fjp  next_i
  65    (28   88     )     
  66    (21    1    1)                lda  1  1
  67    (19    1    4)                lod  1  4
  68    ( 6          )                add
  69    (22          )                ldi
  70    (24    1    6)                str  1  6
  71    (24    1    6)     
  72    (21    1    1)                lda  1  1
  73    (19    1    4)                lod  1  4
  74    ( 6          )                add
  75    (19    1    4)                lod  1  4
  76    ( 2          )                inc
  77    ( 6          )                add
  78    (22          )                ldi
  79    (25          )                sti
  80    (25          )     
  81    (21    1    1)                lda  1  1
  82    (19    1    4)                lod  1  4
  83    ( 2          )                inc
  84    ( 6          )                add
  85    (19    1    6)                lod  1  6
  86    (25          )                sti
  87    (25          )     
  88    (19    1    4)     next_i     lod  1  4
  89    ( 2          )                inc
  90    (24    1    4)                str  1  4
  91    (26   49     )                ujp  loopInner
  92    (26   49     )     
  93    (19    1    5)     endInner   lod  1  5
  94    ( 3          )                dec
  95    (24    1    5)                str  1  5
  96    (26   41     )                ujp  loopOuter
  97    (26   41     )     
  98    (20    1     )     end_sort   ldc  1
  99    (24    1    4)                str  1  4
 100    (24    1    4)     
 101    (19    1    4)     loopPrint  lod  1  4
 102    (19    1    3)                lod  1  3
 103    (16          )                le
 104    (28  117     )                fjp  endPrint
 105    (28  117     )     
 106    (21    1    1)                lda  1  1
 107    (19    1    4)                lod  1  4
 108    ( 6          )                add
 109    (22          )                ldi
 110    (29   -2     )                call write
 111    (29   -2     )     
 112    (19    1    4)                lod  1  4
 113    ( 2          )                inc
 114    (24    1    4)                str  1  4
 115    (26  101     )                ujp  loopPrint
 116    (26  101     )     
 117    (34          )     endPrint   nop
 118    (36          )                end


   ****    Result    ****

